( let [ lst ( Cons 1 ( Cons 2 ( Cons 3 ( Cons 4  [] : int ) ) ) ) ] ( pair ( hd lst ) ( tl lst ) ) )