( let [ fact ( fix ( f , n ) ( if ( > n 0 ) ( * n ( f ( - n 1 ) ) ) 1 ) ) ] ( fact 5 ) )