( pair ( - ( + 1 ( * 5 8 ) ) 3 ) ( and ( > 4 3 ) ( < ( - 5 3 ) 3 ) ) )