( let [ x ( ref ( tuple 3 5 false ( tuple 5 () ) ) ) ] ( ! x ) )