( let [ x ( ref 0 ) ] ( let [ z ( ref 0 ) ] ( ; ( while ( < ( ! x ) 10 ) ( let [ y ( ref 0 ) ] ( ; ( ; ( while ( < ( ! y ) 10 ) ( != y ( + ( ! y ) 1 ) ) ) ( != z ( + ( ! z ) ( ! y ) ) ) ) ( != x ( + ( ! x ) 1 ) ) ) ) ) ( ! z ) ) ) )