( let [ fib ( fix ( f , n ) ( if ( <= n 1 ) 1 ( + ( f ( - n 1 ) ) ( f ( - n 2 ) ) ) ) ) ] ( fib 5 ) )