( if ( <= 5 4 ) ( <= 5 4 ) ( * ( + 1 1 ) ( / 8 4 ) ) )