( let [ x ( ref ( + 1 5 ) ) ] ( let [ y ( ref false ) ] ( ; ( != x ( + ( ! x ) ( ! x ) ) ) ( ! x ) ) ) )