( let [ maxPair ( fun ( p ) ( if ( > ( fst p ) ( snd p ) ) ( fst p ) ( snd p ) ) ) ] ( maxPair ( tuple 2 7 ) ) )