( let [ x 5 ] ( let [ y 3 ] ( or ( > x y ) ( = x y ) ) ) )