( let [ x ( ref false ) ] ( let [ y ( ref ( ! x ) ) ] ( ; ( != x ( or ( ! y ) true ) ) ( if ( ! y ) ( ! x ) true ) ) ) )