( let [ x ( ref 0 ) ] ( ; ( while ( < ( ! x ) 7 ) ( != x ( + ( ! x ) 1 ) ) ) ( ! x ) ) )