( Cons 4 ( Cons 3 ( Cons 2 ( Cons 1  [] : int ) ) ) )