( let [ x 5 ] ( let [ y 3 ] ( and ( > x y ) ( = x y ) ) ) )