(,if,(,<=,5,5,),(,<=,5,4,),(,*,(,+,1,1,),(,/,8,4,),),)